[0;93m2026-08-06 12:33:44.0677347 [W:onnxruntime:, graph.cc:4401 onnxruntime::Graph::CleanUnusedInitializersAndNodeArgs] Removing initializer 'p2o.pd_op.full.0.0'. It is not used by any node and should be removed from the model.[m
[0;93m2026-08-06 12:33:44.0737275 [W:onnxruntime:, graph.cc:4401 onnxruntime::Graph::CleanUnusedInitializersAndNodeArgs] Removing initializer 'p2o.pd_op.full_int_array.6.0'. It is not used by any node and should be removed from the model.[m
[0;93m2026-08-06 12:33:44.0772093 [W:onnxruntime:, graph.cc:4401 onnxruntime::Graph::CleanUnusedInitializersAndNodeArgs] Removing initializer 'p2o.pd_op.full_int_array.0.0'. It is not used by any node and should be removed from the model.[m
[0;93m2026-08-06 12:33:44.0801342 [W:onnxruntime:, graph.cc:4401 onnxruntime::Graph::CleanUnusedInitializersAndNodeArgs] Removing initializer 'p2o.pd_op.full_int_array.3.0'. It is not used by any node and should be removed from the model.[m
FATAL ERROR: v8::HandleScope::CreateHandle() Cannot create a handle without a HandleScope
----- Native stack trace -----

 1: 00007FF669E6B38B node::OnFatalError+539
 2: 00007FF66AAB32DE v8::Function::NewInstance+558
 3: 00007FF66A9207E5 v8::CppHeap::CollectGarbageInYoungGenerationForTesting+137573
 4: 00007FF66AAB407D v8::EscapableHandleScopeBase::EscapableHandleScopeBase+141
 5: 00007FF669EE2AEA napi_open_escapable_handle_scope+74
 6: 00007FFD749F420A 
 7: 00007FFD749F4FF6 
 8: 00007FFD749E011E 
 9: 00007FFD749D74DB 
10: 00007FFD749DDA87 
11: 00007FF669EE6181 napi_is_detached_arraybuffer+849
12: 0000021C7EFCF64D 

----- JavaScript stack trace -----

1: D:\dev\raglamp\node_modules\.pnpm\onnxruntime-node@1.21.0\node_modules\onnxruntime-node\dist\backend.js:48:108
2: processImmediate (node:internal/timers:504:21)


